ASxxxx Linker V03.00 + NoICE + sdld,  page 1.
Hexadecimal  [32-Bits]

Area                                    Addr        Size        Decimal Bytes (Attributes)
--------------------------------        ----        ----        ------- ----- ------------
CABS                                00000000    00000000 =           0. bytes (ABS,CON,CODE)

      Value  Global                              Global Defined In Module
      -----  --------------------------------   ------------------------
C:   00000000  _uart_configure_manual_baud_calc
C:   00000000  _uart_configure_manual_baud_calc
C:   00000000  l_BIT_BANK                      
C:   00000000  l_CABS                          
C:   00000000  l_GSINIT                        
C:   00000000  l_GSINIT1                       
C:   00000000  l_GSINIT5                       
C:   00000000  l_IABS                          
C:   00000000  l_ISEG                          
C:   00000000  l_PSEG                          
C:   00000000  l_REG_BANK_1                    
C:   00000000  l_REG_BANK_2                    
C:   00000000  l_REG_BANK_3                    
C:   00000000  l_RSEG                          
C:   00000000  l_RSEG0                         
C:   00000000  l_RSEG1                         
C:   00000000  l_XABS                          
C:   00000000  l_XINIT                         
C:   00000000  l_XISEG                         
C:   00000000  l__CODE                         
C:   00000000  s_BSEG                          
C:   00000000  s_CABS                          
C:   00000000  s_DSEG                          
C:   00000000  s_HOME                          
C:   00000000  s_IABS                          
C:   00000000  s_ISEG                          
C:   00000000  s_PSEG                          
C:   00000000  s_REG_BANK_0                    
C:   00000000  s_RSEG                          
C:   00000000  s_RSEG0                         
C:   00000000  s_RSEG1                         
C:   00000000  s_XABS                          
C:   00000000  s_XSEG                          
C:   00000001  l_OSEG                          
C:   00000002  l_BSEG_BYTES                    
C:   00000003  l_GSFINAL                       
C:   00000003  l_GSINIT0                       
C:   00000006  l_HOME                          
C:   00000006  s_GSINIT0                       
C:   00000008  l_REG_BANK_0                    
C:   00000008  s_REG_BANK_1                    
C:   00000009  s_GSINIT1                       
C:   00000009  s_GSINIT2                       
C:   0000000A  l_GSINIT2                       
C:   0000000B  l_BSEG                          
C:   0000000E  l_CONST                         
C:   00000010  s_REG_BANK_2                    
C:   00000013  s_GSINIT3                       
C:   00000013  s_OSEG                          
C:   00000018  s_BIT_BANK                      
ASxxxx Linker V03.00 + NoICE + sdld,  page 2.
Hexadecimal  [32-Bits]

Area                                    Addr        Size        Decimal Bytes (Attributes)
--------------------------------        ----        ----        ------- ----- ------------
CABS                                00000000    00000000 =           0. bytes (ABS,CON,CODE)

      Value  Global                              Global Defined In Module
      -----  --------------------------------   ------------------------
C:   00000018  s_REG_BANK_3                    
C:   00000020  s_BSEG_BYTES                    
C:   00000020  s__CODE                         
C:   00000022  l_GSINIT3                       
C:   00000022  s_SSEG                          
C:   0000002A  l_GSINIT4                       
C:   00000035  s_GSINIT4                       
C:   0000005F  s_GSFINAL                       
C:   0000005F  s_GSINIT                        
C:   0000005F  s_GSINIT5                       
C:   00000062  s_CSEG                          
C:   00000074  l_DSEG                          
C:   0000009A  l_XSEG                          
C:   0000009A  s_XISEG                         
C:   000000DE  l_SSEG                          
C:   00000100  l_IRAM                          
C:   000015F1  l_CSEG                          
C:   00001653  s_CONST                         
C:   00001661  s_XINIT                         
ASxxxx Linker V03.00 + NoICE + sdld,  page 3.
Hexadecimal  [32-Bits]

Area                                    Addr        Size        Decimal Bytes (Attributes)
--------------------------------        ----        ----        ------- ----- ------------
.  .ABS.                            00000000    00000000 =           0. bytes (ABS,CON)

      Value  Global                              Global Defined In Module
      -----  --------------------------------   ------------------------
     00000000  .__.ABS.                           _bp
     00000080  _P0                                main
     00000080  _P0_SB_D0                          main
     00000081  _P0_SB_D1                          main
     00000081  _SP                                main
     00000082  _DPL                               main
     00000082  _P0_SB_D2                          main
     00000083  _DPH                               main
     00000083  _P0_SB_D3                          main
     00000084  _DPL1                              main
     00000084  _P0_SB_D4                          main
     00000085  _DPH1                              main
     00000085  _P0_SB_D5                          main
     00000086  _P0_SB_D6                          main
     00000087  _P0_SB_D7                          main
     00000087  _PCON                              main
     00000088  _TCON                              main
     00000088  _TCON_SB_IT0                       main
     00000089  _TCON_SB_IE0                       main
     00000089  _TMOD                              main
     0000008A  _TCON_SB_IT1                       main
     0000008A  _TL0                               main
     0000008B  _TCON_SB_IE1                       main
     0000008B  _TL1                               main
     0000008C  _TCON_SB_TR0                       main
     0000008C  _TH0                               main
     0000008D  _TCON_SB_TF0                       main
     0000008D  _TH1                               main
     0000008E  _TCON_SB_TR1                       main
     0000008F  _P3CON                             main
     0000008F  _TCON_SB_TF1                       main
     00000090  _P1                                main
     00000090  _P1_SB_D0                          main
     00000091  _P1_SB_D1                          main
     00000092  _DPS                               main
     00000092  _P1_SB_D2                          main
     00000093  _P0DIR                             main
     00000093  _P1_SB_D3                          main
     00000094  _P1DIR                             main
     00000094  _P1_SB_D4                          main
     00000095  _P1_SB_D5                          main
     00000095  _P2DIR                             main
     00000096  _P1_SB_D6                          main
     00000096  _P3DIR                             main
     00000097  _P1_SB_D7                          main
     00000097  _P2CON                             main
     00000098  _S0CON                             main
     00000098  _S0CON_SB_RI0                      main
     00000099  _S0BUF                             main
     00000099  _S0CON_SB_TI0                      main
ASxxxx Linker V03.00 + NoICE + sdld,  page 4.
Hexadecimal  [32-Bits]

Area                                    Addr        Size        Decimal Bytes (Attributes)
--------------------------------        ----        ----        ------- ----- ------------
.  .ABS.                            00000000    00000000 =           0. bytes (ABS,CON)

      Value  Global                              Global Defined In Module
      -----  --------------------------------   ------------------------
     0000009A  _S0CON_SB_RB80                     main
     0000009B  _S0CON_SB_TB80                     main
     0000009C  _S0CON_SB_REN0                     main
     0000009D  _S0CON_SB_SM20                     main
     0000009E  _P0CON                             main
     0000009E  _S0CON_SB_SM1                      main
     0000009F  _P1CON                             main
     0000009F  _S0CON_SB_SM0                      main
     000000A0  _P2                                main
     000000A0  _P2_SB_D0                          main
     000000A1  _P2_SB_D1                          main
     000000A1  _PWMDC0                            main
     000000A2  _P2_SB_D2                          main
     000000A2  _PWMDC1                            main
     000000A3  _CLKCTRL                           main
     000000A3  _P2_SB_D3                          main
     000000A4  _P2_SB_D4                          main
     000000A4  _PWRDWN                            main
     000000A5  _P2_SB_D5                          main
     000000A5  _WUCON                             main
     000000A6  _INTEXP                            main
     000000A6  _P2_SB_D6                          main
     000000A7  _MEMCON                            main
     000000A7  _P2_SB_D7                          main
     000000A8  _IEN0                              main
     000000A8  _IEN0_SB_IFP                       main
     000000A9  _IEN0_SB_T0                        main
     000000A9  _IP0                               main
     000000AA  _IEN0_SB_POFIRQ                    main
     000000AA  _S0RELL                            main
     000000AB  _IEN0_SB_T1                        main
     000000AB  _RTC2CPT01                         main
     000000AC  _IEN0_SB_UART                      main
     000000AC  _RTC2CPT10                         main
     000000AD  _CLKLFCTRL                         main
     000000AD  _IEN0_SB_T2                        main
     000000AE  _OPMCON                            main
     000000AF  _IEN0_SB_GLOBAL                    main
     000000AF  _WDSV                              main
     000000B0  _P3                                main
     000000B0  _P3_SB_D0                          main
     000000B1  _P3_SB_D1                          main
     000000B1  _RSTREAS                           main
     000000B2  _P3_SB_D2                          main
     000000B2  _PWMCON                            main
     000000B3  _P3_SB_D3                          main
     000000B3  _RTC2CON                           main
     000000B4  _P3_SB_D4                          main
     000000B4  _RTC2CMP0                          main
     000000B5  _P3_SB_D5                          main
     000000B5  _RTC2CMP1                          main
ASxxxx Linker V03.00 + NoICE + sdld,  page 5.
Hexadecimal  [32-Bits]

Area                                    Addr        Size        Decimal Bytes (Attributes)
--------------------------------        ----        ----        ------- ----- ------------
.  .ABS.                            00000000    00000000 =           0. bytes (ABS,CON)

      Value  Global                              Global Defined In Module
      -----  --------------------------------   ------------------------
     000000B6  _P3_SB_D6                          main
     000000B6  _RTC2CPT00                         main
     000000B7  _P3_SB_D7                          main
     000000B7  _SPISRDSZ                          main
     000000B8  _IEN1                              main
     000000B8  _IEN1_SB_RFRDY                     main
     000000B9  _IEN1_SB_RFIRQ                     main
     000000B9  _IP1                               main
     000000BA  _IEN1_SB_SPI_2WIRE                 main
     000000BA  _S0RELH                            main
     000000BB  _IEN1_SB_WUOPIRQ                   main
     000000BC  _IEN1_SB_MISCIRQ                   main
     000000BC  _SPISCON0                          main
     000000BD  _IEN1_SB_TICK                      main
     000000BD  _SPISCON1                          main
     000000BE  _SPISSTAT                          main
     000000BF  _IEN1_SB_T2EXTRLD                  main
     000000BF  _SPISDAT                           main
     000000C0  _IRCON                             main
     000000C0  _IRCON_SB_RFRDY                    main
     000000C1  _CCEN                              main
     000000C1  _IRCON_SB_RFIRQ                    main
     000000C2  _CCL1                              main
     000000C2  _IRCON_SB_SPI_2WIRE                main
     000000C3  _CCH1                              main
     000000C3  _IRCON_SB_WUOPIRQ                  main
     000000C4  _CCL2                              main
     000000C4  _IRCON_SB_MISCIRQ                  main
     000000C5  _CCH2                              main
     000000C5  _IRCON_SB_TICK                     main
     000000C6  _CCL3                              main
     000000C6  _IRCON_SB_TF2                      main
     000000C7  _CCH3                              main
     000000C7  _IRCON_SB_EXF2                     main
     000000C8  _T2CON                             main
     000000C8  _T2CON_SB_T2I0                     main
     000000C9  _MPAGE                             main
     000000C9  _T2CON_SB_T2I1                     main
     000000C9  __XPAGE                            main
     000000CA  _CRCL                              main
     000000CA  _T2CON_SB_T2CM                     main
     000000CB  _CRCH                              main
     000000CB  _T2CON_SB_T2R0                     main
     000000CC  _T2CON_SB_T2R1                     main
     000000CC  _TL2                               main
     000000CD  _T2CON_SB_I2FR                     main
     000000CD  _TH2                               main
     000000CE  _T2CON_SB_I3FR                     main
     000000CE  _WUOPC1                            main
     000000CF  _T2CON_SB_T2PS                     main
     000000CF  _WUOPC0                            main
ASxxxx Linker V03.00 + NoICE + sdld,  page 6.
Hexadecimal  [32-Bits]

Area                                    Addr        Size        Decimal Bytes (Attributes)
--------------------------------        ----        ----        ------- ----- ------------
.  .ABS.                            00000000    00000000 =           0. bytes (ABS,CON)

      Value  Global                              Global Defined In Module
      -----  --------------------------------   ------------------------
     000000D0  _PSW                               main
     000000D0  _PSW_SB_P                          main
     000000D1  _ADCCON3                           main
     000000D1  _PSW_SB_F1                         main
     000000D2  _ADCCON2                           main
     000000D2  _PSW_SB_OV                         main
     000000D3  _ADCCON1                           main
     000000D3  _PSW_SB_RS0                        main
     000000D4  _ADCDATH                           main
     000000D4  _PSW_SB_RS1                        main
     000000D5  _ADCDATL                           main
     000000D5  _PSW_SB_F0                         main
     000000D6  _PSW_SB_AC                         main
     000000D6  _RNGCTL                            main
     000000D7  _PSW_SB_CY                         main
     000000D7  _RNGDAT                            main
     000000D8  _ADCON                             main
     000000D9  _W2SADR                            main
     000000DA  _W2DAT                             main
     000000DB  _COMPCON                           main
     000000DC  _POFCON                            main
     000000DD  _CCPDATIA                          main
     000000DE  _CCPDATIB                          main
     000000DF  _ADCON_SB_BD                       main
     000000DF  _CCPDATO                           main
     000000E0  _ACC                               main
     000000E1  _W2CON1                            main
     000000E2  _W2CON0                            main
     000000E4  _SPIRCON0                          main
     000000E5  _SPIRCON1                          main
     000000E6  _SPIRSTAT                          main
     000000E7  _SPIRDAT                           main
     000000E8  _RFCON                             main
     000000E8  _RFCON_SB_RFCE                     main
     000000E9  _MD0                               main
     000000E9  _RFCON_SB_RFCSN                    main
     000000EA  _MD1                               main
     000000EA  _RFCON_SB_RFCKEN                   main
     000000EB  _MD2                               main
     000000EC  _MD3                               main
     000000ED  _MD4                               main
     000000EE  _MD5                               main
     000000EF  _ARCON                             main
     000000F0  _B                                 main
     000000F5  _B_5                               _gptrget
     000000F6  _B_6                               _gptrget
     000000F7  _B_7                               _gptrget
     000000F8  _FSR                               main
     000000F9  _FPCR                              main
     000000FA  _FCR                               main
     000000FA  _FSR_SB_RDISMB                     main
ASxxxx Linker V03.00 + NoICE + sdld,  page 7.
Hexadecimal  [32-Bits]

Area                                    Addr        Size        Decimal Bytes (Attributes)
--------------------------------        ----        ----        ------- ----- ------------
.  .ABS.                            00000000    00000000 =           0. bytes (ABS,CON)

      Value  Global                              Global Defined In Module
      -----  --------------------------------   ------------------------
     000000FB  _FSR_SB_INFEN                      main
     000000FC  _FSR_SB_RDYN                       main
     000000FC  _SPIMCON0                          main
     000000FD  _FSR_SB_WEN                        main
     000000FD  _SPIMCON1                          main
     000000FE  _FSR_SB_STP                        main
     000000FE  _SPIMSTAT                          main
     000000FF  _FSR_SB_ENDBG                      main
     000000FF  _SPIMDAT                           main
     00008C8A  _T0                                main
     00008D8B  _T1                                main
     0000BAAA  _S0REL                             main
     0000C3C2  _CC1                               main
     0000C5C4  _CC2                               main
     0000C7C6  _CC3                               main
     0000CBCA  _CRC                               main
     0000CDCC  _T2                                main
     0000D4D5  _ADCDAT                            main

ASxxxx Linker V03.00 + NoICE + sdld,  page 8.
Hexadecimal  [32-Bits]

Area                                    Addr        Size        Decimal Bytes (Attributes)
--------------------------------        ----        ----        ------- ----- ------------
BSEG_BYTES                          00000020    00000002 =           2. bytes (REL,CON)

      Value  Global                              Global Defined In Module
      -----  --------------------------------   ------------------------
ASxxxx Linker V03.00 + NoICE + sdld,  page 9.
Hexadecimal  [32-Bits]

Area                                    Addr        Size        Decimal Bytes (Attributes)
--------------------------------        ----        ----        ------- ----- ------------
REG_BANK_0                          00000000    00000008 =           8. bytes (REL,OVR)

      Value  Global                              Global Defined In Module
      -----  --------------------------------   ------------------------
ASxxxx Linker V03.00 + NoICE + sdld,  page 10.
Hexadecimal  [32-Bits]

Area                                    Addr        Size        Decimal Bytes (Attributes)
--------------------------------        ----        ----        ------- ----- ------------
DSEG                                00000000    00000074 =         116. bytes (REL,CON)

      Value  Global                              Global Defined In Module
      -----  --------------------------------   ------------------------
     00000012  _bp                                _bp

ASxxxx Linker V03.00 + NoICE + sdld,  page 11.
Hexadecimal  [32-Bits]

Area                                    Addr        Size        Decimal Bytes (Attributes)
--------------------------------        ----        ----        ------- ----- ------------
OSEG                                00000013    00000001 =           1. bytes (REL,OVR)

      Value  Global                              Global Defined In Module
      -----  --------------------------------   ------------------------
ASxxxx Linker V03.00 + NoICE + sdld,  page 12.
Hexadecimal  [32-Bits]

Area                                    Addr        Size        Decimal Bytes (Attributes)
--------------------------------        ----        ----        ------- ----- ------------
SSEG                                00000022    000000DE =         222. bytes (REL,OVR)

      Value  Global                              Global Defined In Module
      -----  --------------------------------   ------------------------
     00000022  __start__stack                     main

ASxxxx Linker V03.00 + NoICE + sdld,  page 13.
Hexadecimal  [32-Bits]

Area                                    Addr        Size        Decimal Bytes (Attributes)
--------------------------------        ----        ----        ------- ----- ------------
XSEG                                00000000    0000009A =         154. bytes (REL,CON,XDATA)

      Value  Global                              Global Defined In Module
      -----  --------------------------------   ------------------------
D:   00000000  _rf_read_rx_payload_PARM_2         main
D:   00000005  _rf_configure_debug_lite_PARM_2    main
D:   00000008  _rf_write_register_PARM_2          main
D:   0000000B  _rf_write_register_PARM_3          main
D:   0000000E  _rf_write_tx_payload_PARM_2        main
D:   00000010  _rf_write_tx_payload_PARM_3        main
D:   00000018  _rf_spi_execute_command_PARM_2     main
D:   0000001B  _rf_spi_execute_command_PARM_3     main
D:   0000001D  _rf_spi_execute_command_PARM_4     main
D:   00000020  _rf_spi_send_read_PARM_2           main
D:   00000022  _rf_spi_send_read_PARM_3           main
D:   00000026  _rf_power_up_param_PARM_2          main
D:   00000028  _rf_read_register_PARM_2           main
D:   0000002B  _rf_read_register_PARM_3           main
D:   0000002F  _rf_set_rx_addr_PARM_2             main
D:   00000031  _rf_set_rx_addr_PARM_3             main
D:   00000035  _gpio_pin_configure_PARM_2         main
D:   0000003B  _gpio_pin_val_write_PARM_2         main
D:   00000044  _pwm_start_PARM_2                  main
D:   00000053  _interrupt_configure_ifp_PARM_2    main
D:   0000005A  _timer0_configure_PARM_2           main
D:   0000005D  _timer1_configure_PARM_2           main
D:   00000063  __divulong_PARM_2                  _divulong
D:   0000006F  __gptrput_PARM_2                   _gptrput
D:   00000070  _vprintf_PARM_2                    vprintf
D:   00000084  __print_format_PARM_2              printf_large
D:   00000087  __print_format_PARM_3              printf_large
D:   0000008A  __print_format_PARM_4              printf_large

ASxxxx Linker V03.00 + NoICE + sdld,  page 14.
Hexadecimal  [32-Bits]

Area                                    Addr        Size        Decimal Bytes (Attributes)
--------------------------------        ----        ----        ------- ----- ------------
HOME                                00000000    00000006 =           6. bytes (REL,CON,CODE)

      Value  Global                              Global Defined In Module
      -----  --------------------------------   ------------------------
C:   00000003  __sdcc_program_startup             main

ASxxxx Linker V03.00 + NoICE + sdld,  page 15.
Hexadecimal  [32-Bits]

Area                                    Addr        Size        Decimal Bytes (Attributes)
--------------------------------        ----        ----        ------- ----- ------------
GSINIT0                             00000006    00000003 =           3. bytes (REL,CON,CODE)

      Value  Global                              Global Defined In Module
      -----  --------------------------------   ------------------------
C:   00000006  __sdcc_gsinit_startup              

ASxxxx Linker V03.00 + NoICE + sdld,  page 16.
Hexadecimal  [32-Bits]

Area                                    Addr        Size        Decimal Bytes (Attributes)
--------------------------------        ----        ----        ------- ----- ------------
GSINIT2                             00000009    0000000A =          10. bytes (REL,CON,CODE)

      Value  Global                              Global Defined In Module
      -----  --------------------------------   ------------------------
ASxxxx Linker V03.00 + NoICE + sdld,  page 17.
Hexadecimal  [32-Bits]

Area                                    Addr        Size        Decimal Bytes (Attributes)
--------------------------------        ----        ----        ------- ----- ------------
GSINIT3                             00000013    00000022 =          34. bytes (REL,CON,CODE)

      Value  Global                              Global Defined In Module
      -----  --------------------------------   ------------------------
C:   00000013  __mcs51_genXINIT                   

ASxxxx Linker V03.00 + NoICE + sdld,  page 18.
Hexadecimal  [32-Bits]

Area                                    Addr        Size        Decimal Bytes (Attributes)
--------------------------------        ----        ----        ------- ----- ------------
GSINIT4                             00000035    0000002A =          42. bytes (REL,CON,CODE)

      Value  Global                              Global Defined In Module
      -----  --------------------------------   ------------------------
C:   00000035  __mcs51_genRAMCLEAR                
C:   0000003B  __mcs51_genXRAMCLEAR               

ASxxxx Linker V03.00 + NoICE + sdld,  page 19.
Hexadecimal  [32-Bits]

Area                                    Addr        Size        Decimal Bytes (Attributes)
--------------------------------        ----        ----        ------- ----- ------------
GSFINAL                             0000005F    00000003 =           3. bytes (REL,CON,CODE)

      Value  Global                              Global Defined In Module
      -----  --------------------------------   ------------------------
ASxxxx Linker V03.00 + NoICE + sdld,  page 20.
Hexadecimal  [32-Bits]

Area                                    Addr        Size        Decimal Bytes (Attributes)
--------------------------------        ----        ----        ------- ----- ------------
CSEG                                00000062    000015F1 =        5617. bytes (REL,CON,CODE)

      Value  Global                              Global Defined In Module
      -----  --------------------------------   ------------------------
C:   00000062  _rf_read_rx_payload                main
C:   000000B7  _rf_configure_debug_lite           main
C:   0000011E  _rf_write_register                 main
C:   0000015B  _rf_spi_configure_enable           main
C:   00000162  _rf_write_tx_payload               main
C:   000001B7  _rf_transmit                       main
C:   000001C8  _rf_set_as_rx                      main
C:   00000228  _rf_irq_clear_all                  main
C:   0000024D  _rf_set_as_tx                      main
C:   00000297  _rf_spi_execute_command            main
C:   000002F3  _rf_spi_send_read                  main
C:   00000386  _rf_power_up_param                 main
C:   000003D2  _rf_read_register                  main
C:   0000040D  _rf_spi_send_read_byte             main
C:   00000420  _rf_set_rx_addr                    main
C:   00000469  _gpio_pin_configure                main
C:   00000664  _gpio_pin_val_read                 main
C:   000006F8  _gpio_pin_val_clear                main
C:   00000763  _gpio_pin_val_set                  main
C:   000007CA  _gpio_pin_val_write                main
C:   000007E9  _delay_us                          main
C:   0000082A  _delay_s                           main
C:   00000866  _delay_ms                          main
C:   000008A2  _pwm_configure                     main
C:   000008B7  _pwm_start                         main
C:   000008D4  _pwr_clk_mgmt_clklf_configure      main
C:   000008E9  _pwr_clk_mgmt_get_cclk_freq_in_h   main
C:   00000942  _watchdog_set_wdsv_count           main
C:   0000095A  _watchdog_start_and_set_timeout_   main
C:   00000A15  _interrupt_configure_ifp           main
C:   00000A87  _adc_configure                     main
C:   00000AA7  _adc_set_input_channel             main
C:   00000AC6  _adc_start_single_conversion       main
C:   00000AD9  _adc_start_single_conversion_get   main
C:   00000AF5  _timer0_configure                  main
C:   00000B28  _timer1_configure                  main
C:   00000B5B  _main                              main
C:   00000C41  _initialize                        main
C:   00000C86  _putchar                           main
C:   00000C94  _getchar                           main
C:   00000CA3  __divulong                         _divulong
C:   00000DB1  __gptrput                          _gptrput
C:   00000DD7  _vprintf                           vprintf
C:   00000E18  _printf                            vprintf
C:   00000F1A  __print_format                     printf_large
C:   0000161B  _strlen                            _strlen
C:   00001633  __gptrget                          _gptrget
C:   0000164F  __sdcc_external_startup            _startup
ASxxxx Linker V03.00 + NoICE + sdld,  page 21.
Hexadecimal  [32-Bits]

Area                                    Addr        Size        Decimal Bytes (Attributes)
--------------------------------        ----        ----        ------- ----- ------------
CONST                               00001653    0000000E =          14. bytes (REL,CON,CODE)

      Value  Global                              Global Defined In Module
      -----  --------------------------------   ------------------------
ASxxxx Linker V03.00 + NoICE + sdld,  page 22.

Files Linked                              [ module(s) ]

main.rel                                  [  ]


Libraries Linked                          [ object file ]

/usr/local/bin/../share/sdcc/lib/large/liblong.lib
                                          [ _divulong.rel ]
/usr/local/bin/../share/sdcc/lib/large/mcs51.lib
                                          [ crtclear.rel ]
/usr/local/bin/../share/sdcc/lib/large/mcs51.lib
                                          [ crtxinit.rel ]
/usr/local/bin/../share/sdcc/lib/large/libsdcc.lib
                                          [ _gptrput.rel ]
/usr/local/bin/../share/sdcc/lib/large/mcs51.lib
                                          [ crtxclear.rel ]
/usr/local/bin/../share/sdcc/lib/large/libsdcc.lib
                                          [ vprintf.rel ]
/usr/local/bin/../share/sdcc/lib/large/libsdcc.lib
                                          [ printf_large.rel ]
/usr/local/bin/../share/sdcc/lib/large/libsdcc.lib
                                          [ _strlen.rel ]
/usr/local/bin/../share/sdcc/lib/large/mcs51.lib
                                          [ crtstart.rel ]
/usr/local/bin/../share/sdcc/lib/large/libsdcc.lib
                                          [ _gptrget.rel ]
/usr/local/bin/../share/sdcc/lib/large/libsdcc.lib
                                          [ _startup.rel ]
/usr/local/bin/../share/sdcc/lib/large/libsdcc.lib
                                          [ _bp.rel ]

ASxxxx Linker V03.00 + NoICE + sdld,  page 23.

User Base Address Definitions

HOME = 0x0000
ISEG = 0x0000
BSEG = 0x0000


?ASlink-Warning-Undefined Global '_uart_configure_manual_baud_calc' referenced by module 'main'

?ASlink-Warning-Undefined Global '_uart_configure_manual_baud_calc_PARM_2' referenced by module 'main'
